Nisreen@LAPTOP-M5DFRFNL MINGW64 ~
$ cd cell00
bash: cd: cell00: No such file or directory

Nisreen@LAPTOP-M5DFRFNL MINGW64 ~
$ cd discovery_piscine

Nisreen@LAPTOP-M5DFRFNL MINGW64 ~/discovery_piscine
$ cd cell00

Nisreen@LAPTOP-M5DFRFNL MINGW64 ~/discovery_piscine/cell00
$ mkdir -p ex04

Nisreen@LAPTOP-M5DFRFNL MINGW64 ~/discovery_piscine/cell00
$ cd ex04

Nisreen@LAPTOP-M5DFRFNL MINGW64 ~/discovery_piscine/cell00/ex04
$ touch argv.sh

Nisreen@LAPTOP-M5DFRFNL MINGW64 ~/discovery_piscine/cell00/ex04
$ nano argv.sh

Nisreen@LAPTOP-M5DFRFNL MINGW64 ~/discovery_piscine/cell00/ex04
$ chmod +x argv.sh

Nisreen@LAPTOP-M5DFRFNL MINGW64 ~/discovery_piscine/cell00/ex04
$ ./argv.sh
No arguments supplied

Nisreen@LAPTOP-M5DFRFNL MINGW64 ~/discovery_piscine/cell00/ex04
$ ./argv.sh 42
42

Nisreen@LAPTOP-M5DFRFNL MINGW64 ~/discovery_piscine/cell00/ex04
$ ./argv.sh 2 40 42
2
40
42

Nisreen@LAPTOP-M5DFRFNL MINGW64 ~/discovery_piscine/cell00/ex04
$ ./argv.sh Hello World ! 42
Hello
World
!
42

Nisreen@LAPTOP-M5DFRFNL MINGW64 ~/discovery_piscine/cell00/ex04
$
